
> vite_react_shadcn_ts@0.0.0 build
> vite build

[36mvite v5.4.19 [32mbuilding for production...[36m[39m
transforming...
node.exe : [1m[33m[plugi
n:vite:esbuild][39m[22m 
[33m[plugin 
vite:esbuild] src/componen
ts/TradingChart.jsx: 
[33mDuplicate key 
"theme" in object 
literal[33m
Au caractère Ligne:1 : 1
+ & "C:\Program 
Files\nodejs/node.exe" 
"C:\Program 
Files\nodejs/node_mo ...
+ ~~~~~~~~~~~~~~~~~~~~~~~~
~~~~~~~~~~~~~~~~~~~~~~~~~~
~~~~~~~~~~~~~~~~~~~
    + CategoryInfo        
      : NotSpecified: (  
  [1m[33m[plugi...ct l   
 iteral[33m:String) [    
], RemoteException
    + FullyQualifiedError 
   Id : NativeCommandErr  
  or
 
65 |                      
calendar: false,
66 |                      
toolbar_bg: "#0f0716",
67 |                      
theme: "dark",
   |                      
^
68 |                      
style: "1",
69 |                      
locale: "fr",
[39m
[1m[33m[plugin:vite:esbu
ild][39m[22m 
[33m[plugin 
vite:esbuild] src/componen
ts/TradingChart.jsx: 
[33mDuplicate key 
"style" in object 
literal[33m
66 |                      
toolbar_bg: "#0f0716",
67 |                      
theme: "dark",
68 |                      
style: "1",
   |                      
^
69 |                      
locale: "fr",
70 |                      
enable_publishing: false,
[39m
[1m[33m[plugin:vite:esbu
ild][39m[22m 
[33m[plugin 
vite:esbuild] src/componen
ts/TradingChart.jsx: 
[33mDuplicate key 
"locale" in object 
literal[33m
67 |                      
theme: "dark",
68 |                      
style: "1",
69 |                      
locale: "fr",
   |                      
^
70 |                      
enable_publishing: false,
71 |                      
allow_symbol_change: true,
[39m
[1m[33m[plugin:vite:esbu
ild][39m[22m 
[33m[plugin 
vite:esbuild] src/componen
ts/TradingChart.jsx: 
[33mDuplicate key 
"enable_publishing" in 
object literal[33m
68 |                      
style: "1",
69 |                      
locale: "fr",
70 |                      
enable_publishing: false,
   |                      
^
71 |                      
allow_symbol_change: true,
72 |                      
// Hide volume if it 
distracts? No, keep it 
but maybe minimal.
[39m
[1m[33m[plugin:vite:esbu
ild][39m[22m 
[33m[plugin 
vite:esbuild] src/componen
ts/TradingChart.jsx: 
[33mDuplicate key 
"allow_symbol_change" in 
object literal[33m
69 |                      
locale: "fr",
70 |                      
enable_publishing: false,
71 |                      
allow_symbol_change: true,
   |                      
^
72 |                      
// Hide volume if it 
distracts? No, keep it 
but maybe minimal.
73 |                      
hide_side_toolbar: false, 
// Keep drawing tools, 
efficient.
[39m
[1m[33m[plugin:vite:esbu
ild][39m[22m 
[33m[plugin 
vite:esbuild] src/componen
ts/TradingChart.jsx: 
[33mDuplicate key 
"hide_side_toolbar" in 
object literal[33m
71 |                      
allow_symbol_change: true,
72 |                      
// Hide volume if it 
distracts? No, keep it 
but maybe minimal.
73 |                      
hide_side_toolbar: false, 
// Keep drawing tools, 
efficient.
   |                      
^
74 |                      
// Custom overrides to 
match TradeSense theme
75 |                      
overrides: {
[39m
[1m[33m[plugin:vite:esbu
ild][39m[22m 
[33m[plugin 
vite:esbuild] src/componen
ts/FlashLive.jsx: 
[33mDuplicate key "BVC" 
in object literal[33m
16 |              
'STOCKS': 'ƒôê',
17 |              
'Crypto': 'ƒÜÇ',
18 |              'BVC': '
ƒôè',
   |              ^
19 |              
'Forex': 'ƒÆ▒',
20 |              
'Stocks': 'ƒôê',
[39m
[32mÔ£ô[39m 1737 modules transformed.
[31mx[39m Build failed 
in 4.10s
[31merror during build:
[31msrc/components/Dashbo
ardGrid.jsx (2:21): 
"WidthProvider" is not 
exported by "node_modules/
react-grid-layout/dist/ind
ex.mjs", imported by "src/
components/DashboardGrid.j
sx".[31m
file: [36mC:/Users/pc/One
Drive/Bureau/tradesense-ai
-main (1)/frontend/src/com
ponents/DashboardGrid.jsx:
2:21[31m
[33m
1: import React, { 
useState, useEffect } 
from 'react';
2: import { Responsive, 
WidthProvider } from 
'react-grid-layout';
                        ^
3: import 'react-grid-layo
ut/css/styles.css';
4: import 'react-resizable
/css/styles.css';
[31m
    at getRollupError (fil
e:///C:/Users/pc/OneDrive/
Bureau/tradesense-ai-main%
20(1)/frontend/node_module
s/rollup/dist/es/shared/pa
rseAst.js:395:41)
    at error (file:///C:/U
sers/pc/OneDrive/Bureau/tr
adesense-ai-main%20(1)/fro
ntend/node_modules/rollup/
dist/es/shared/parseAst.js
:391:42)
    at Module.error (file:
///C:/Users/pc/OneDrive/Bu
reau/tradesense-ai-main%20
(1)/frontend/node_modules/
rollup/dist/es/shared/node
-entry.js:15535:16)
    at 
Module.traceVariable (file
:///C:/Users/pc/OneDrive/B
ureau/tradesense-ai-main%2
0(1)/frontend/node_modules
/rollup/dist/es/shared/nod
e-entry.js:15984:29)
    at 
ModuleScope.findVariable (
file:///C:/Users/pc/OneDri
ve/Bureau/tradesense-ai-ma
in%20(1)/frontend/node_mod
ules/rollup/dist/es/shared
/node-entry.js:13770:39)
    at Identifier.bind (fi
le:///C:/Users/pc/OneDrive
/Bureau/tradesense-ai-main
%20(1)/frontend/node_modul
es/rollup/dist/es/shared/n
ode-entry.js:5035:40)
    at 
CallExpression.bind (file:
///C:/Users/pc/OneDrive/Bu
reau/tradesense-ai-main%20
(1)/frontend/node_modules/
rollup/dist/es/shared/node
-entry.js:2855:23)
    at 
CallExpression.bind (file:
///C:/Users/pc/OneDrive/Bu
reau/tradesense-ai-main%20
(1)/frontend/node_modules/
rollup/dist/es/shared/node
-entry.js:11235:15)
    at 
VariableDeclarator.bind (f
ile:///C:/Users/pc/OneDriv
e/Bureau/tradesense-ai-mai
n%20(1)/frontend/node_modu
les/rollup/dist/es/shared/
node-entry.js:2855:23)
    at 
VariableDeclaration.bind (
file:///C:/Users/pc/OneDri
ve/Bureau/tradesense-ai-ma
in%20(1)/frontend/node_mod
ules/rollup/dist/es/shared
/node-entry.js:2851:28)[3
9m
